// Jest Snapshot v1, https://goo.gl/fbAQLP

exports[`ContactInfo component renders contact information 1`] = `
<div>
  <div
    class="contact-information css-k9eruj"
  >
    <div
      class="css-1gfsowa"
    >
      <div
        class="css-wkpw2c"
      >
        <img
          alt="our main office icon"
          class="chakra-image css-1wsuzl7"
          src="[object Object]"
        />
        <p
          class="chakra-text css-1hjuipy"
        >
          our main office
        </p>
      </div>
      SoHo 94 Broadway St New York, NY 1001
    </div>
    <div
      class="css-1gfsowa"
    >
      <div
        class="css-wkpw2c"
      >
        <img
          alt="phone number icon"
          class="chakra-image css-1wsuzl7"
          src="[object Object]"
        />
        <p
          class="chakra-text css-1hjuipy"
        >
          phone number
        </p>
      </div>
      <p
        class="chakra-text css-0"
      >
        234-9876-5400
      </p>
      <p
        class="chakra-text css-1xaekgw"
      >
        888-0123-4567 (Toll Free)
      </p>
    </div>
    <div
      class="css-1gfsowa"
    >
      <div
        class="css-wkpw2c"
      >
        <img
          alt="fax icon"
          class="chakra-image css-1wsuzl7"
          src="[object Object]"
        />
        <p
          class="chakra-text css-1hjuipy"
        >
          fax
        </p>
      </div>
      1-234-567-8900
    </div>
    <div
      class="css-1gfsowa"
    >
      <div
        class="css-wkpw2c"
      >
        <img
          alt="email icon"
          class="chakra-image css-1wsuzl7"
          src="[object Object]"
        />
        <p
          class="chakra-text css-1hjuipy"
        >
          email
        </p>
      </div>
      <a
        href="/"
      >
        <span
          class="chakra-text css-1puecoh"
        >
          hello@theme.com
        </span>
      </a>
    </div>
  </div>
</div>
`;
